2026-03-08 22:30:10 Commit and push successful on branch 'master'.
2026-03-10 18:44:18 Commit and push successful on branch 'master'.
2026-03-11 18:34:55 Push failed on branch 'master'.
2026-03-11 22:48:57 Commit and push successful on branch 'master'.
2026-03-12 22:30:07 Commit and push successful on branch 'master'.
2026-03-29 10:46:38 Commit and push successful on branch 'master'.
2026-04-01 22:30:07 Commit and push successful on branch 'master'.
2026-04-03 23:13:54 Commit and push successful on branch 'master'.
2026-04-05 22:30:08 Commit and push successful on branch 'master'.
2026-04-15 21:07:42 No changes detected. Skipping commit.
2026-04-15 22:30:05 No changes detected. Skipping commit.
2026-04-27 18:32:30 Commit and push successful on branch 'appmod/java-upgrade-20260425131512'.
2026-04-28 20:49:06 Commit and push successful on branch 'appmod/java-upgrade-20260425131512'.
2026-05-10 10:53:16 Commit and push successful on branch 'appmod/java-upgrade-20260425131512'.
2026-05-11 20:32:29 Commit and push successful on branch 'appmod/java-upgrade-20260425131512'.
2026-05-13 18:27:46 Commit and push successful on branch 'appmod/java-upgrade-20260425131512'.
2026-05-19 22:30:07 Commit and push successful on branch 'appmod/java-upgrade-20260425131512'.
2026-05-23 09:46:29 Push failed on branch 'appmod/java-upgrade-20260425131512'.
2026-05-24 19:25:31 Push failed on branch 'appmod/java-upgrade-20260425131512'.
2026-05-27 06:24:36 Commit and push successful on branch 'appmod/java-upgrade-20260425131512'.
2026-05-28 21:29:08 Commit and push successful on branch 'appmod/java-upgrade-20260425131512'.
2026-05-28 22:30:07 Commit and push successful on branch 'appmod/java-upgrade-20260425131512'.
2026-07-22 22:30:11 Push failed on branch 'appmod/java-upgrade-20260425131512'.
2026-07-27 22:30:05 Push failed on branch 'appmod/java-upgrade-20260425131512'.
2026-07-29 11:32:38 Push failed on branch 'appmod/java-upgrade-20260425131512'.
2026-08-02 22:30:06 Push failed on branch 'appmod/java-upgrade-20260425131512'.
2026-08-04 10:37:44 Push failed on branch 'appmod/java-upgrade-20260425131512'.
2026-08-10 22:30:07 Push failed on branch 'appmod/java-upgrade-20260425131512'.
2026-08-20 22:30:06 Push failed on branch 'appmod/java-upgrade-20260425131512'.
2026-09-04 19:34:05 Push failed on branch 'appmod/java-upgrade-20260425131512'.
2026-09-08 21:09:57 No changes detected. Skipping commit.
2026-09-11 18:02:41 Push failed on branch 'appmod/java-upgrade-20260425131512'.
2026-09-18 19:18:19 Push failed on branch 'appmod/java-upgrade-20260425131512'.
2026-09-18 22:30:04 Push failed on branch 'appmod/java-upgrade-20260425131512'.
2026-09-28 21:41:20 Commit and push successful on branch 'appmod/java-upgrade-20260425131512'.
